This is a test output from KISS Sorcar for the 'test task'.